aether event recorded: event=462bce95-ae68-4140-b6ae-21d60edecca6 aggregate=6b2385c0-39ec-42cd-bd4e-af52d081824d version=1 trace=c3d6ed0a-f073-4058-9672-bf05e1efb81a
aether event recorded: event=7d486b11-dda2-4626-b42b-4b60f69e4d9b aggregate=fc13378f-ffd0-5dd4-9673-95ee9670d922 version=1 trace=14345645-bd2f-4c0b-b6d2-f854749aab90
aether event recorded: event=ebb457e1-4843-41b5-baa3-1d72ec7d536f aggregate=59b321b9-7a11-521e-9956-bf3192008cf6 version=1 trace=d381533d-2a31-405b-a57f-e894fba30ba4
aether event duplicate: event=462bce95-ae68-4140-b6ae-21d60edecca6 aggregate=6b2385c0-39ec-42cd-bd4e-af52d081824d version=1 trace=c3d6ed0a-f073-4058-9672-bf05e1efb81a
aether event duplicate: event=7d486b11-dda2-4626-b42b-4b60f69e4d9b aggregate=fc13378f-ffd0-5dd4-9673-95ee9670d922 version=1 trace=14345645-bd2f-4c0b-b6d2-f854749aab90
aether event duplicate: event=ebb457e1-4843-41b5-baa3-1d72ec7d536f aggregate=59b321b9-7a11-521e-9956-bf3192008cf6 version=1 trace=d381533d-2a31-405b-a57f-e894fba30ba4
aether event recorded: event=514ebaa8-4f34-4e55-af1d-4cfd44513b61 aggregate=b2734505-41fc-4e9b-929c-cf0578ea1ba0 version=1 trace=17110e5f-f5b2-4466-8469-3794fe5f4979
aether event recorded: event=daa6be53-7bb1-4169-a47d-a14c0dbbb739 aggregate=8ddce77a-3b56-5308-a6c2-a3bc2e0f841b version=1 trace=67563c3d-6512-451f-84dc-692f0ce965be
aether event recorded: event=f938e3bc-bbed-4abc-8916-cba74d62f0c3 aggregate=ff7dd334-45ca-5162-bd5d-a532ef0602eb version=1 trace=f71d9287-d829-4f1d-9530-e97f37867de3
aether event recorded: event=802166e7-84b2-4039-a0ca-1acf0196f9d1 aggregate=186c40e9-afdf-4640-9522-d212af377237 version=1 trace=891fc628-d5eb-405b-9254-c13a023df1be
aether event recorded: event=64c9c830-5156-4d9a-98f9-a24edcf21c7c aggregate=b2734505-41fc-4e9b-929c-cf0578ea1ba0 version=2 trace=8db0e0f0-dffd-43cb-ab44-d2078d85167a
aether event recorded: event=4b4998e9-661a-4885-87b7-75656a2d4d63 aggregate=186c40e9-afdf-4640-9522-d212af377237 version=2 trace=a281c449-0b28-4b1e-b32d-8c8914476232
aether event recorded: event=23476104-8827-4d1b-9220-2e19318c8ad2 aggregate=28e69273-fe4e-4035-b43d-c9a2f025de2f version=1 trace=2398e84f-f0ef-4597-926b-b6f55323e188
aether event duplicate: event=23476104-8827-4d1b-9220-2e19318c8ad2 aggregate=28e69273-fe4e-4035-b43d-c9a2f025de2f version=1 trace=2398e84f-f0ef-4597-926b-b6f55323e188
aether event conflict: event=23476104-8827-4d1b-9220-2e19318c8ad2 aggregate=28e69273-fe4e-4035-b43d-c9a2f025de2f version=1 trace=2398e84f-f0ef-4597-926b-b6f55323e188
aether event recorded: event=da232ee0-5b92-46b2-b722-470efddd3218 aggregate=3759240d-ed02-4b87-b736-4ce720251dcb version=3 trace=29604bef-904b-447e-8186-3c0e851a7944
aether event stale: event=b540d8fc-6772-4ec5-817e-ee10c1c4f6b4 aggregate=3759240d-ed02-4b87-b736-4ce720251dcb version=2 trace=757ce551-bba4-49d0-a89d-3ee8629d637a
aether event recorded: event=f9abe916-a2ba-4f06-baf6-7ad202b0a741 aggregate=98d59dcf-91be-46be-a936-fe0df33ed62e version=1 trace=435f29d3-b890-4134-a0e0-14a55c8bcc06
aether event duplicate: event=f9abe916-a2ba-4f06-baf6-7ad202b0a741 aggregate=98d59dcf-91be-46be-a936-fe0df33ed62e version=1 trace=435f29d3-b890-4134-a0e0-14a55c8bcc06
aether event conflict: event=f9abe916-a2ba-4f06-baf6-7ad202b0a741 aggregate=98d59dcf-91be-46be-a936-fe0df33ed62e version=1 trace=435f29d3-b890-4134-a0e0-14a55c8bcc06
aether event recorded: event=0bfda078-5464-4606-8cd5-270b08fd6621 aggregate=21e9a163-4463-4daa-bb33-083cc9a6db57 version=3 trace=d1f5d5af-3606-4aa3-b094-22b1a6aeaafb
aether event stale: event=70fa4015-9004-4a49-ae6d-72b309d670c6 aggregate=21e9a163-4463-4daa-bb33-083cc9a6db57 version=2 trace=a74b1c27-16d4-4282-857d-3a1a2f606f71
aether event recorded: event=c23e6eaa-c7e6-46bb-888b-fd3a81386650 aggregate=a3a92b74-9dd7-4f84-ac26-759cf44e7898 version=1 trace=4e335d99-59cd-4b50-815b-036ab918651c
aether event recorded: event=f54bf2c6-1163-4aad-bffb-2e458a68f7b3 aggregate=37439777-37c9-489b-b2da-fba42096c93d version=1 trace=ea207b2c-7520-4f51-8e29-86bb44161a0c
aether event recorded: event=6610a3ce-096a-4184-b383-10b06ee09a56 aggregate=cbbb0eca-c383-5c5a-9035-ce48def68041 version=1 trace=34076809-d3fe-4fa0-986a-c944951733ca
aether event recorded: event=43ef205c-db9e-41e3-b0db-33d13f4ef333 aggregate=a77222fc-eda4-5258-bcbb-07f63e24ed91 version=1 trace=83363efd-011f-4991-94ed-a150ec620122
